Windows PowerShell
Copyright (C) Microsoft Corporation. All rights reserved.

Install the latest PowerShell for new features and improvements! https://aka.ms/PSWindows

PS C:\Users\jakob> ping 1.1.1.1

Pinging 1.1.1.1 with 32 bytes of data:
Request timed out.
Request timed out.
Request timed out.
Request timed out.

Ping statistics for 1.1.1.1:
    Packets: Sent = 4, Received = 0, Lost = 4 (100% loss),
PS C:\Users\jakob> ping 1.1.1.1

Pinging 1.1.1.1 with 32 bytes of data:
Request timed out.
Reply from 1.1.1.1: bytes=32 time=5ms TTL=59
Reply from 1.1.1.1: bytes=32 time=5ms TTL=59
Reply from 1.1.1.1: bytes=32 time=6ms TTL=59

Ping statistics for 1.1.1.1:
    Packets: Sent = 4, Received = 3, Lost = 1 (25% loss),
Approximate round trip times in milli-seconds:
    Minimum = 5ms, Maximum = 6ms, Average = 5ms
PS C:\Users\jakob>
PS C:\Users\jakob>
PS C:\Users\jakob>
PS C:\Users\jakob> ping 1.1.1.1

Pinging 1.1.1.1 with 32 bytes of data:
Request timed out.
Request timed out.
Request timed out.
Request timed out.

Ping statistics for 1.1.1.1:
    Packets: Sent = 4, Received = 0, Lost = 4 (100% loss),
PS C:\Users\jakob>
PS C:\Users\jakob>
PS C:\Users\jakob> ^C
PS C:\Users\jakob>
PS C:\Users\jakob>
PS C:\Users\jakob>
PS C:\Users\jakob> ping 10.0.99.1

Pinging 10.0.99.1 with 32 bytes of data:
Reply from 10.0.99.1: bytes=32 time=1ms TTL=255
Reply from 10.0.99.1: bytes=32 time=2ms TTL=255

Ping statistics for 10.0.99.1:
    Packets: Sent = 2, Received = 2, Lost = 0 (0% loss),
Approximate round trip times in milli-seconds:
    Minimum = 1ms, Maximum = 2ms, Average = 1ms
Control-C
PS C:\Users\jakob> ping 10.0.99.2

Pinging 10.0.99.2 with 32 bytes of data:
Reply from 10.0.99.2: bytes=32 time<1ms TTL=128
Reply from 10.0.99.2: bytes=32 time<1ms TTL=128

Ping statistics for 10.0.99.2:
    Packets: Sent = 2, Received = 2, Lost = 0 (0% loss),
Approximate round trip times in milli-seconds:
    Minimum = 0ms, Maximum = 0ms, Average = 0ms
Control-C
PS C:\Users\jakob> tracert 1.1.1.1

Tracing route to 1.1.1.1 over a maximum of 30 hops

  1     1 ms     1 ms     1 ms  10.0.99.1
  2     *        *        *     Request timed out.
  3     *        *        *     Request timed out.
  4
PS C:\Users\jakob> tracert 1.1.1.1
PS C:\Users\jakob> ping 192.168.99.2

Pinging 192.168.99.2 with 32 bytes of data:
Reply from 192.168.99.2: bytes=32 time=5ms TTL=126
Reply from 192.168.99.2: bytes=32 time=5ms TTL=126

Ping statistics for 192.168.99.2:
    Packets: Sent = 2, Received = 2, Lost = 0 (0% loss),
Approximate round trip times in milli-seconds:
    Minimum = 5ms, Maximum = 5ms, Average = 5ms
Control-C
PS C:\Users\jakob> tracert 1.1.1.1

Tracing route to 1.1.1.1 over a maximum of 30 hops

  1     1 ms     1 ms     1 ms  10.0.99.1
  2     *        *
PS C:\Users\jakob> tracert 1.1.1.1

Tracing route to 1.1.1.1 over a maximum of 30 hops

  1     1 ms     1 ms     1 ms  10.0.99.1
  2     *        *        *     Request timed out.
  3     *        *        *     Request timed out.
  4     *        *        *     Request timed out.
  5     *        *        *     Request timed out.
  6     *        *        *     Request timed out.
  7     *        *        *     Request timed out.
  8     *        *        *     Request timed out.
  9     *        *        *     Request timed out.
 10     *        *        *     Request timed out.
 11
PS C:\Users\jakob> tracert 1.1.1.1
PS C:\Users\jakob> ping 1.1.1.1

Pinging 1.1.1.1 with 32 bytes of data:
Request timed out.
Request timed out.
Request timed out.
Request timed out.

Ping statistics for 1.1.1.1:
    Packets: Sent = 4, Received = 0, Lost = 4 (100% loss),
PS C:\Users\jakob> ping 1.1.1.1

Pinging 1.1.1.1 with 32 bytes of data:
Request timed out.
Request timed out.
Request timed out.
Request timed out.

Ping statistics for 1.1.1.1:
    Packets: Sent = 4, Received = 0, Lost = 4 (100% loss),
PS C:\Users\jakob> tracert 1.1.1.1

Tracing route to 1.1.1.1 over a maximum of 30 hops

  1     2 ms     2 ms     2 ms  10.0.99.1
  2     *        *        *     Request timed out.
  3     *        *        *     Request timed out.
  4     *        *        *     Request timed out.
  5     *        *        *     Request timed out.
  6     *        *        *     Request timed out.
  7     *        *        *     Request timed out.
  8     *        *        *     Request timed out.
  9     *        *        *     Request timed out.
 10     *        *        *     Request timed out.
 11     *        *        *     Request timed out.
 12     *        *        *     Request timed out.
 13     *        *        *     Request timed out.
 14     *        *        *     Request timed out.
 15     *        *
PS C:\Users\jakob> ping 1.1.1.1

Pinging 1.1.1.1 with 32 bytes of data:
Request timed out.
Request timed out.
Request timed out.

Ping statistics for 1.1.1.1:
    Packets: Sent = 3, Received = 0, Lost = 3 (100% loss),
Control-C
PS C:\Users\jakob> ping google.at
Ping request could not find host google.at. Please check the name and try again.
PS C:\Users\jakob> ping futbin.com
Ping request could not find host futbin.com. Please check the name and try again.
PS C:\Users\jakob> tracert ort.at
Unable to resolve target system name ort.at.
PS C:\Users\jakob> ping 216.58.223.9

Pinging 216.58.223.9 with 32 bytes of data:
Request timed out.
Request timed out.
Request timed out.
Request timed out.

Ping statistics for 216.58.223.9:
    Packets: Sent = 4, Received = 0, Lost = 4 (100% loss),
PS C:\Users\jakob> ping 216.58.223.9

Pinging 216.58.223.9 with 32 bytes of data:
Request timed out.
Request timed out.
Request timed out.
Request timed out.

Ping statistics for 216.58.223.9:
    Packets: Sent = 4, Received = 0, Lost = 4 (100% loss),
PS C:\Users\jakob> ping 216.58.223.9

Pinging 216.58.223.9 with 32 bytes of data:
Request timed out.

Ping statistics for 216.58.223.9:
    Packets: Sent = 1, Received = 0, Lost = 1 (100% loss),
Control-C
PS C:\Users\jakob> tractert 1.1.1.1
tractert : The term 'tractert' is not recognized as the name of a cmdlet, function, script file, or operable program.
Check the spelling of the name, or if a path was included, verify that the path is correct and try again.
At line:1 char:1
+ tractert 1.1.1.1
+ ~~~~~~~~
    + CategoryInfo          : ObjectNotFound: (tractert:String) [], CommandNotFoundException
    + FullyQualifiedErrorId : CommandNotFoundException

PS C:\Users\jakob> tractet 1.1.1.1
tractet : The term 'tractet' is not recognized as the name of a cmdlet, function, script file, or operable program.
Check the spelling of the name, or if a path was included, verify that the path is correct and try again.
At line:1 char:1
+ tractet 1.1.1.1
+ ~~~~~~~
    + CategoryInfo          : ObjectNotFound: (tractet:String) [], CommandNotFoundException
    + FullyQualifiedErrorId : CommandNotFoundException

PS C:\Users\jakob> tracert 1.1.1.1

Tracing route to 1.1.1.1 over a maximum of 30 hops

  1     1 ms     1 ms     1 ms  10.0.99.1
  2     *        *        *     Request timed out.
  3     *        *        *     Request timed out.
  4     *        *        *     Request timed out.
  5     *        *        *     Request timed out.
  6     *        *        *     Request timed out.
  7     *        *        *     Request timed out.
  8     *        *        *     Request timed out.
  9     *        *        *     Request timed out.
 10     *        *        *     Request timed out.
 11     *        *        *     Request timed out.
 12     *        *        *     Request timed out.
 13     *        *        *     Request timed out.
 14     *        *        *     Request timed out.
 15     *        *        *     Request timed out.
 16     *        *        *     Request timed out.
 17     *        *        *     Request timed out.
 18     *        *        *     Request timed out.
 19     *        *        *     Request timed out.
 20     *        *        *     Request timed out.
 21     *        *        *     Request timed out.
 22     *        *        *     Request timed out.
 23     *        *        *     Request timed out.
 24     *        *        *     Request timed out.
 25     *        *        *     Request timed out.
 26     *
PS C:\Users\jakob> ping google.at
Ping request could not find host google.at. Please check the name and try again.
PS C:\Users\jakob> tracert 1.1.1.1
PS C:\Users\jakob> ping 1.1.1.1

Pinging 1.1.1.1 with 32 bytes of data:
Request timed out.
Request timed out.

Ping statistics for 1.1.1.1:
    Packets: Sent = 2, Received = 0, Lost = 2 (100% loss),
Control-C
PS C:\Users\jakob> ping 1.1.1.1

Pinging 1.1.1.1 with 32 bytes of data:
Request timed out.
Request timed out.
Request timed out.
Request timed out.

Ping statistics for 1.1.1.1:
    Packets: Sent = 4, Received = 0, Lost = 4 (100% loss),
PS C:\Users\jakob> ping 1.1.1.1

Pinging 1.1.1.1 with 32 bytes of data:
Request timed out.
Request timed out.
Request timed out.
Request timed out.

Ping statistics for 1.1.1.1:
    Packets: Sent = 4, Received = 0, Lost = 4 (100% loss),
PS C:\Users\jakob> ping 1.1.1.1

Pinging 1.1.1.1 with 32 bytes of data:
Request timed out.
Request timed out.
Request timed out.
Request timed out.

Ping statistics for 1.1.1.1:
    Packets: Sent = 4, Received = 0, Lost = 4 (100% loss),
PS C:\Users\jakob>
